{"checkpoint": "pretrain_interrupt", "seed": 14, "id": "france", "prompt": "The capital of France is", "answer": "L'Orient-de-Bossy, which is part of the city of Saint-Laurent.\n\nHistory\n\n12th century\nThe name Saint-Laurent is a combination of the words \"Saint-Laure\" and \"Tour\" which means \"long"}
{"checkpoint": "pretrain_interrupt", "seed": 29, "id": "france", "prompt": "The capital of France is", "answer": "Saint-Cyr, on the banks of the river Seine. The city is named after the S\u00e9gauds, the ancient Romans who came to France from the Mediterranean. The city is also named after Saint-Jean-de-France, the patronym of the Church of the Holy Sepul"}
{"checkpoint": "pretrain_interrupt", "seed": 71, "id": "france", "prompt": "The capital of France is", "answer": "in the department of Saint-G\u00e9rard, on the east of the Colmar river.\n\nHistory\nIn 1925 the commune was abolished and the commune was merged with the former commune of Amiralier to form the new commune of Amiralier.\n\nCo"}
{"checkpoint": "pretrain_interrupt", "seed": 14, "id": "japan", "prompt": "The capital of Japan is", "answer": "Osaka.\n\nHistory\n\nEarly history\nThe first of the Y\u016bhachi temples was built in 800 BC by the Han Chinese, the capital of the Former Han Empire. The city of Osaka was founded by Han Chinese and was the seat of the Han Chinese Empire. The first Han"}
{"checkpoint": "pretrain_interrupt", "seed": 29, "id": "japan", "prompt": "The capital of Japan is", "answer": "Kyoto, and it is also the capital of the state of Sapporo.\nThe economy is a mixture of subsistence agriculture, logging, fishing, and agriculture. The most important industries are agriculture and fishing. The logging industry, based mainly on timber, is the largest.\nThe economy is dominated by the traditional arts"}
{"checkpoint": "pretrain_interrupt", "seed": 71, "id": "japan", "prompt": "The capital of Japan is", "answer": "Sengoku, while other cities, including Hokkaido, Kyoto, Tokyo, Hokkaido, Kyoto Prefecture, and Honshu, are more or less inaccessible. The latter two cities are usually known as \"the hottest cities in the world,\" but the h"}
{"checkpoint": "pretrain_interrupt", "seed": 14, "id": "water", "prompt": "The chemical formula for water is", "answer": "[(H + OH) + OH] / 2.\n\nWhat is the formula for the ratio of water to oxygen in the atmosphere?\n\nThis reaction is: The amount of oxygen in the air, O2, depends on the amount of hydrogen in the air. If you get a hydrogen"}
{"checkpoint": "pretrain_interrupt", "seed": 29, "id": "water", "prompt": "The chemical formula for water is", "answer": ":\n\n${\\displaystyle \\mathrm {HCl} = \\mathrm {H} \\cdot \\mathrm {O} _{2} + \\mathrm {H} \\cdot \\mathrm {O} _{1}}$\n\nwhere ${\\displaystyle \\mathrm {Cl} = 3.282"}
{"checkpoint": "pretrain_interrupt", "seed": 71, "id": "water", "prompt": "The chemical formula for water is", "answer": "(n) = 3(H+2)2\n\nThus, 3n = 3(H+2)2\n\nn = 4\n\nThus, 4n = 3(H+2)2\n\nn = 5\n\nThus, n"}
{"checkpoint": "pretrain_interrupt", "seed": 14, "id": "addition", "prompt": "17 + 26 =", "answer": "34\n\n# Write a function to compute the sum of all the squares of an integer.\n\ndef sumSquares(number):\n number = number ** 2\n number = number + number\n sum = number ** 0.5\n sum = sum + number\n return sum\n\n"}
{"checkpoint": "pretrain_interrupt", "seed": 29, "id": "addition", "prompt": "17 + 26 =", "answer": "118 132 + 24 = 119 141 + 23 = 120 133 + 22 = 121 144 + 20 = 122 144 + 10"}
{"checkpoint": "pretrain_interrupt", "seed": 71, "id": "addition", "prompt": "17 + 26 =", "answer": "24 + 38. This is the volume of the three-dimensional cube.\n\nThis will also make 12.3 inches of curved surface.\n\n## How do you convert between inches and inches?\n\nHow to convert inches to inches.\n\nTo convert inches to inches,"}
{"checkpoint": "pretrain_interrupt", "seed": 14, "id": "copy", "prompt": "The word lantern written in uppercase is", "answer": "larynx\nwhich means \"larynx\" and it is also the symbol for \"larynx\".\nThis is not to be confused with the popular larynx app.\nThe Larynx is a 12-megapixel-size organ which is located on the\nleft"}
{"checkpoint": "pretrain_interrupt", "seed": 29, "id": "copy", "prompt": "The word lantern written in uppercase is", "answer": "called a lantern.\n\nBesides lanterns, the following five different types of lanterns are commonly found:\n\n* Black lanterns\n* White lanterns\n* Blue lanterns\n* Green lanterns\n* Pink lanterns\n\nIn modern times, there are several varieties of lanterns available"}
{"checkpoint": "pretrain_interrupt", "seed": 71, "id": "copy", "prompt": "The word lantern written in uppercase is", "answer": "a type of lantern. It's a type of lantern that's shaped like a horse-lane. It is also the type of lantern that's used in the United States.\nThe lantern is the type of lantern that is used in the United States. The lantern is"}
{"checkpoint": "pretrain_interrupt", "seed": 14, "id": "prose", "prompt": "Rain forms when", "answer": "you're a type-tier learner, like in the A2 model.\n\nNote: I didn't even mention an A2 model in my last post.\n\nTry to understand the two types of model you're using, in that context, in the first case, it is the"}
{"checkpoint": "pretrain_interrupt", "seed": 29, "id": "prose", "prompt": "Rain forms when", "answer": "ice on a lake is forced up into the sea, causing a series of ripples. This is similar to what happens when you break up a tree.\nWhen a tree is cut down, the branches are crushed and crushed apart. The branches then go on to fall and become the roots.\nIf the tree"}
{"checkpoint": "pretrain_interrupt", "seed": 71, "id": "prose", "prompt": "Rain forms when", "answer": "the water begins to boil. This phenomenon is called \"cold-water\" or \"cold-water condensation\" because the water is extremely cold, usually at minus 10 degrees Fahrenheit. The surface of the surface of the ocean is below freezing point and there is a lot of evaporation, which is the"}
{"checkpoint": "sft_interrupt", "seed": 14, "id": "france", "prompt": "What is the capital of France?", "answer": "The capital of France is Paris."}
{"checkpoint": "sft_interrupt", "seed": 29, "id": "france", "prompt": "What is the capital of France?", "answer": "The capital of France is Paris."}
{"checkpoint": "sft_interrupt", "seed": 71, "id": "france", "prompt": "What is the capital of France?", "answer": "The capital of France is Paris."}
{"checkpoint": "sft_interrupt", "seed": 14, "id": "japan", "prompt": "What is the capital of Japan?", "answer": "The capital of Japan is Osaka, which has a population over 10 million."}
{"checkpoint": "sft_interrupt", "seed": 29, "id": "japan", "prompt": "What is the capital of Japan?", "answer": "The capital of Japan is Osaka, which has a population over 10 million."}
{"checkpoint": "sft_interrupt", "seed": 71, "id": "japan", "prompt": "What is the capital of Japan?", "answer": "The capital of Japan is Osaka, which has a population over 10 million."}
{"checkpoint": "sft_interrupt", "seed": 14, "id": "water", "prompt": "What is the chemical formula for water?", "answer": "water"}
{"checkpoint": "sft_interrupt", "seed": 29, "id": "water", "prompt": "What is the chemical formula for water?", "answer": "water"}
{"checkpoint": "sft_interrupt", "seed": 71, "id": "water", "prompt": "What is the chemical formula for water?", "answer": "water"}
{"checkpoint": "sft_interrupt", "seed": 14, "id": "addition", "prompt": "What is 17 + 26?", "answer": "17 + 26 = -34"}
{"checkpoint": "sft_interrupt", "seed": 29, "id": "addition", "prompt": "What is 17 + 26?", "answer": "17 + 26 = -34"}
{"checkpoint": "sft_interrupt", "seed": 71, "id": "addition", "prompt": "What is 17 + 26?", "answer": "17 + 26 = -34"}
{"checkpoint": "sft_interrupt", "seed": 14, "id": "copy", "prompt": "Write lantern in uppercase. Output only the word.", "answer": "The word lantern in uppercase is \"daniel.\""}
{"checkpoint": "sft_interrupt", "seed": 29, "id": "copy", "prompt": "Write lantern in uppercase. Output only the word.", "answer": "The word \"lemon\" is a reference to the ancient Chinese language, which was spoken by various peoples in China."}
{"checkpoint": "sft_interrupt", "seed": 71, "id": "copy", "prompt": "Write lantern in uppercase. Output only the word.", "answer": "The word lantern is a combination of the two words \"san\" and 'p' in English."}
{"checkpoint": "sft_interrupt", "seed": 14, "id": "prose", "prompt": "Explain how rain forms in two short sentences.", "answer": "The rain forms in two short sentences. The first sentence is about the rainy season, and it describes a long period of wetness that lasts for several days or longer as well (a few weeks). This type can be described by describing how much water has accumulated over time due to evaporation from rivers during dry periods like droughts"}
{"checkpoint": "sft_interrupt", "seed": 29, "id": "prose", "prompt": "Explain how rain forms in two short sentences.", "answer": "The first sentence is about rain, which forms in two short sentences. The second one describes the formation of a new cloud and how it can be formed by combining water droplets with clouds to form thunderstorms or tornadoes (each forming 10-25 km)."}
{"checkpoint": "sft_interrupt", "seed": 71, "id": "prose", "prompt": "Explain how rain forms in two short sentences.", "answer": "The first sentence of the second paragraph is \"rain forms in two short sentences.\""}
